Function
  int
  "main"
  Block
    If
      Neq
        Call
          "greedy"
          IntLit(27)
        IntLit(3)
      Block
        Print
          Id("uhhhhh")
        Return
          IntLit(1)
    [no else branch]
    Return
      IntLit(0)
Function
  int
  "greedy"
  Formal
    int
    "target"
  Block
    If
      Lt
        Id("target")
        IntLit(0)
      Block
        Return
          IntLit(0)
    [no else branch]
    Locals
      int
      InitVarIntro
        "coinCount"
        IntLit(0)
    While
      Gte
        Id("target")
        IntLit(25)
      Block
        ExprStmt
          Assign
            "target"
            Sub
              Id("target")
              IntLit(25)
        ExprStmt
          Assign
            "coinCount"
            Add
              Id("coinCount")
              IntLit(1)
    While
      Gte
        Id("target")
        IntLit(10)
      Block
        ExprStmt
          Assign
            "target"
            Sub
              Id("target")
              IntLit(10)
        ExprStmt
          Assign
            "coinCount"
            Add
              Id("coinCount")
              IntLit(1)
    While
      Gte
        Id("target")
        IntLit(5)
      Block
        ExprStmt
          Assign
            "target"
            Sub
              Id("target")
              IntLit(5)
        ExprStmt
          Assign
            "coinCount"
            Add
              Id("coinCount")
              IntLit(1)
    While
      Gte
        Id("target")
        IntLit(1)
      Block
        ExprStmt
          Assign
            "target"
            Sub
              Id("target")
              IntLit(1)
        ExprStmt
          Assign
            "coinCount"
            Add
              Id("coinCount")
              IntLit(1)
    Return
      Id("coinCount")
