Add
  Mul
    IntLit(2)
    IntLit(3)
  IntLit(1)
