Assign
  "i"
  LOr
    Id("j")
    Eql
      Id("k")
      Id("l")
