Lexical error at line 6, column 3.  Encountered: "C" (67), after : ""
