Lexical error at line 6, column 20.  Encountered: "I" (73), after : ""
