Lexical error at line 4, column 20.  Encountered: "I" (73), after : ""
