Lexical error at line 4, column 24.  Encountered: "I" (73), after : ""
