Lexical error at line 3, column 6.  Encountered: "F" (70), after : ""
