If
  Lt
    Id("x")
    Id("y")
  Print
    IntLit(1)
[no else branch]
