ExprStmt
  Assign
    "x"
    Assign
      "y"
      IntLit(1)
