Locals
  boolean
  InitVarIntro
    "x"
    Id("y")
