Block
  ExprStmt
    Assign
      "x"
      Id("y")
  ExprStmt
    Assign
      "a"
      Id("b")
